// Jest Snapshot v1, https://goo.gl/fbAQLP

exports[`DateTimeRangePicker should render correctly 1`] = `
<div
  className="date-time-range-picker"
  style={
    Object {
      "width": "38.8em",
    }
  }
>
  <Header
    date={"2019-10-15T16:23:15.000Z"}
    months={2}
    onNextMonth={[Function]}
    onPrevMonth={[Function]}
  />
  <div
    className="date-time-range-picker-months"
  >
    <Month
      date={"2019-10-15T16:23:15.000Z"}
      key="month0"
      showDaysNextMonth={false}
      showDaysPreviousMonth={true}
    />
    <Month
      date={"2019-11-15T17:23:15.000Z"}
      key="month1"
      showDaysNextMonth={true}
      showDaysPreviousMonth={false}
    />
  </div>
</div>
`;
