// Jest Snapshot v1, https://goo.gl/fbAQLP

exports[`Date/time range picker month should render correctly 1`] = `
<div
  className="time-picker null"
>
  <Component
    className="time-picker-input"
    htmlRef={[Function]}
    onBlur={[Function]}
    onChange={[Function]}
    onFocus={[Function]}
    onKeyDown={[Function]}
    options={
      Object {
        "time": true,
        "timePattern": Array [
          "h",
          "m",
        ],
      }
    }
    placeholder="00:00"
  />
  <div
    className="time-picker-dropdown"
  >
    <div
      key="timeValue0"
      onClick={[Function]}
    >
      00:00
    </div>
    <div
      key="timeValue1"
      onClick={[Function]}
    >
      00:20
    </div>
    <div
      key="timeValue2"
      onClick={[Function]}
    >
      00:40
    </div>
    <div
      key="timeValue3"
      onClick={[Function]}
    >
      01:00
    </div>
    <div
      key="timeValue4"
      onClick={[Function]}
    >
      01:20
    </div>
    <div
      key="timeValue5"
      onClick={[Function]}
    >
      01:40
    </div>
    <div
      key="timeValue6"
      onClick={[Function]}
    >
      02:00
    </div>
    <div
      key="timeValue7"
      onClick={[Function]}
    >
      02:20
    </div>
    <div
      key="timeValue8"
      onClick={[Function]}
    >
      02:40
    </div>
    <div
      key="timeValue9"
      onClick={[Function]}
    >
      03:00
    </div>
    <div
      key="timeValue10"
      onClick={[Function]}
    >
      03:20
    </div>
    <div
      key="timeValue11"
      onClick={[Function]}
    >
      03:40
    </div>
    <div
      key="timeValue12"
      onClick={[Function]}
    >
      04:00
    </div>
    <div
      key="timeValue13"
      onClick={[Function]}
    >
      04:20
    </div>
    <div
      key="timeValue14"
      onClick={[Function]}
    >
      04:40
    </div>
    <div
      key="timeValue15"
      onClick={[Function]}
    >
      05:00
    </div>
    <div
      key="timeValue16"
      onClick={[Function]}
    >
      05:20
    </div>
    <div
      key="timeValue17"
      onClick={[Function]}
    >
      05:40
    </div>
    <div
      key="timeValue18"
      onClick={[Function]}
    >
      06:00
    </div>
    <div
      key="timeValue19"
      onClick={[Function]}
    >
      06:20
    </div>
    <div
      key="timeValue20"
      onClick={[Function]}
    >
      06:40
    </div>
    <div
      key="timeValue21"
      onClick={[Function]}
    >
      07:00
    </div>
    <div
      key="timeValue22"
      onClick={[Function]}
    >
      07:20
    </div>
    <div
      key="timeValue23"
      onClick={[Function]}
    >
      07:40
    </div>
    <div
      key="timeValue24"
      onClick={[Function]}
    >
      08:00
    </div>
    <div
      key="timeValue25"
      onClick={[Function]}
    >
      08:20
    </div>
    <div
      key="timeValue26"
      onClick={[Function]}
    >
      08:40
    </div>
    <div
      key="timeValue27"
      onClick={[Function]}
    >
      09:00
    </div>
    <div
      key="timeValue28"
      onClick={[Function]}
    >
      09:20
    </div>
    <div
      key="timeValue29"
      onClick={[Function]}
    >
      09:40
    </div>
    <div
      key="timeValue30"
      onClick={[Function]}
    >
      10:00
    </div>
    <div
      key="timeValue31"
      onClick={[Function]}
    >
      10:20
    </div>
    <div
      key="timeValue32"
      onClick={[Function]}
    >
      10:40
    </div>
    <div
      key="timeValue33"
      onClick={[Function]}
    >
      11:00
    </div>
    <div
      key="timeValue34"
      onClick={[Function]}
    >
      11:20
    </div>
    <div
      key="timeValue35"
      onClick={[Function]}
    >
      11:40
    </div>
    <div
      key="timeValue36"
      onClick={[Function]}
    >
      12:00
    </div>
    <div
      key="timeValue37"
      onClick={[Function]}
    >
      12:20
    </div>
    <div
      key="timeValue38"
      onClick={[Function]}
    >
      12:40
    </div>
    <div
      key="timeValue39"
      onClick={[Function]}
    >
      13:00
    </div>
    <div
      key="timeValue40"
      onClick={[Function]}
    >
      13:20
    </div>
    <div
      key="timeValue41"
      onClick={[Function]}
    >
      13:40
    </div>
    <div
      key="timeValue42"
      onClick={[Function]}
    >
      14:00
    </div>
    <div
      key="timeValue43"
      onClick={[Function]}
    >
      14:20
    </div>
    <div
      key="timeValue44"
      onClick={[Function]}
    >
      14:40
    </div>
    <div
      key="timeValue45"
      onClick={[Function]}
    >
      15:00
    </div>
    <div
      key="timeValue46"
      onClick={[Function]}
    >
      15:20
    </div>
    <div
      key="timeValue47"
      onClick={[Function]}
    >
      15:40
    </div>
    <div
      key="timeValue48"
      onClick={[Function]}
    >
      16:00
    </div>
    <div
      key="timeValue49"
      onClick={[Function]}
    >
      16:20
    </div>
    <div
      key="timeValue50"
      onClick={[Function]}
    >
      16:40
    </div>
    <div
      key="timeValue51"
      onClick={[Function]}
    >
      17:00
    </div>
    <div
      key="timeValue52"
      onClick={[Function]}
    >
      17:20
    </div>
    <div
      key="timeValue53"
      onClick={[Function]}
    >
      17:40
    </div>
    <div
      key="timeValue54"
      onClick={[Function]}
    >
      18:00
    </div>
    <div
      key="timeValue55"
      onClick={[Function]}
    >
      18:20
    </div>
    <div
      key="timeValue56"
      onClick={[Function]}
    >
      18:40
    </div>
    <div
      key="timeValue57"
      onClick={[Function]}
    >
      19:00
    </div>
    <div
      key="timeValue58"
      onClick={[Function]}
    >
      19:20
    </div>
    <div
      key="timeValue59"
      onClick={[Function]}
    >
      19:40
    </div>
    <div
      key="timeValue60"
      onClick={[Function]}
    >
      20:00
    </div>
    <div
      key="timeValue61"
      onClick={[Function]}
    >
      20:20
    </div>
    <div
      key="timeValue62"
      onClick={[Function]}
    >
      20:40
    </div>
    <div
      key="timeValue63"
      onClick={[Function]}
    >
      21:00
    </div>
    <div
      key="timeValue64"
      onClick={[Function]}
    >
      21:20
    </div>
    <div
      key="timeValue65"
      onClick={[Function]}
    >
      21:40
    </div>
    <div
      key="timeValue66"
      onClick={[Function]}
    >
      22:00
    </div>
    <div
      key="timeValue67"
      onClick={[Function]}
    >
      22:20
    </div>
    <div
      key="timeValue68"
      onClick={[Function]}
    >
      22:40
    </div>
    <div
      key="timeValue69"
      onClick={[Function]}
    >
      23:00
    </div>
    <div
      key="timeValue70"
      onClick={[Function]}
    >
      23:20
    </div>
    <div
      key="timeValue71"
      onClick={[Function]}
    >
      23:40
    </div>
  </div>
</div>
`;
