// Jest Snapshot v1, https://goo.gl/fbAQLP

exports[`Date/time range picker header should render correctly 1`] = `
<div
  className="date-time-range-picker-header"
>
  <button
    className="date-time-range-picker-header-prev"
    onClick={[Function]}
    type="button"
  >
    «
  </button>
  <div
    className="date-time-range-picker-header-month"
    key="monthHeader0"
  >
    October 2019
  </div>
  <button
    className="date-time-range-picker-header-next"
    onClick={[Function]}
    type="button"
  >
    »
  </button>
</div>
`;
